// Jest Snapshot v1, https://goo.gl/fbAQLP

exports[`<ItemDetails /> Errors with a not found item 1`] = `
<p
  data-test="graphql-error"
>
  <strong>
    Woops!
  </strong>
  Item not found
</p>
`;

exports[`<ItemDetails /> renders with proper data 1`] = `
<h2>
  Viewing 
  Some title
</h2>
`;

exports[`<ItemDetails /> renders with proper data 2`] = `
<img
  alt="Some title"
  src="image-large.jpg"
/>
`;

exports[`<ItemDetails /> renders with proper data 3`] = `
<p>
  Some Description
</p>
`;
